mali-gbm-probe - A/B over one binary, two loader environments
date   : 2026-09-10T09:13:15+03:00
kernel : 6.1.115-vendor-rk35xx-screenbridge-hdmirx-audio
kernel Mali DDK : Kernel DDK version g25p0-00eac0
GPU id : GPU identified as 0x7 arch 10.8.6 r0p0 status 0
binary NEEDED : [libgbm.so.1] [libEGL.so.1] [libGLESv2.so.2] [libc.so.6] 

############ A - system Mesa (no override) ############
== mali-gbm-probe ==
drm node            : /dev/dri/card0 (fd 3)
gbm backend         : drm
egl display via     : eglGetPlatformDisplayEXT
egl version         : 1.5
EGL_VENDOR          : Mesa Project
EGL_VERSION         : 1.5
egl apis            : OpenGL OpenGL_ES 
EGL_EXTENSIONS:
  EGL_ANDROID_blob_cache
  EGL_EXT_buffer_age
  EGL_EXT_config_select_group
  EGL_EXT_create_context_robustness
  EGL_EXT_image_dma_buf_import
  EGL_EXT_image_dma_buf_import_modifiers
  EGL_EXT_query_reset_notification_strategy
  EGL_EXT_surface_compression
  EGL_KHR_cl_event2
  EGL_KHR_config_attribs
  EGL_KHR_context_flush_control
  EGL_KHR_create_context
  EGL_KHR_create_context_no_error
  EGL_KHR_fence_sync
  EGL_KHR_get_all_proc_addresses
  EGL_KHR_gl_colorspace
  EGL_KHR_gl_renderbuffer_image
  EGL_KHR_gl_texture_2D_image
  EGL_KHR_gl_texture_3D_image
  EGL_KHR_gl_texture_cubemap_image
  EGL_KHR_image
  EGL_KHR_image_base
  EGL_KHR_image_pixmap
  EGL_KHR_no_config_context
  EGL_KHR_reusable_sync
  EGL_KHR_surfaceless_context
  EGL_EXT_pixel_format_float
  EGL_KHR_wait_sync
  EGL_MESA_configless_context
  EGL_MESA_gl_interop
  EGL_MESA_image_dma_buf_export
  EGL_MESA_query_driver
  EGL_MESA_x11_native_visual_id
egl config          : 1 matched, native visual 0x30335258
GL_VENDOR           : Mesa
GL_RENDERER         : llvmpipe (LLVM 19.1.7, 128 bits)
GL_VERSION          : OpenGL ES 3.2 Mesa 25.0.7-2+deb13u1
GL_SL_VERSION       : OpenGL ES GLSL ES 3.20
GL_EXTENSIONS:
  GL_EXT_blend_minmax
  GL_EXT_multi_draw_arrays
  GL_EXT_texture_filter_anisotropic
  GL_EXT_texture_compression_s3tc
  GL_EXT_texture_compression_dxt1
  GL_EXT_texture_compression_rgtc
  GL_EXT_texture_format_BGRA8888
  GL_OES_compressed_ETC1_RGB8_texture
  GL_OES_depth24
  GL_OES_element_index_uint
  GL_OES_fbo_render_mipmap
  GL_OES_mapbuffer
  GL_OES_rgb8_rgba8
  GL_OES_standard_derivatives
  GL_OES_stencil8
  GL_OES_texture_3D
  GL_OES_texture_float
  GL_OES_texture_float_linear
  GL_OES_texture_half_float
  GL_OES_texture_half_float_linear
  GL_OES_texture_npot
  GL_OES_vertex_half_float
  GL_EXT_draw_instanced
  GL_EXT_texture_sRGB_decode
  GL_OES_EGL_image
  GL_OES_depth_texture
  GL_OES_packed_depth_stencil
  GL_EXT_texture_type_2_10_10_10_REV
  GL_NV_conditional_render
  GL_OES_get_program_binary
  GL_APPLE_texture_max_level
  GL_EXT_discard_framebuffer
  GL_EXT_read_format_bgra
  GL_EXT_texture_storage
  GL_NV_pack_subimage
  GL_NV_texture_barrier
  GL_EXT_frag_depth
  GL_NV_fbo_color_attachments
  GL_OES_EGL_image_external
  GL_OES_EGL_sync
  GL_OES_vertex_array_object
  GL_OES_viewport_array
  GL_ANGLE_pack_reverse_row_order
  GL_ANGLE_texture_compression_dxt3
  GL_ANGLE_texture_compression_dxt5
  GL_EXT_occlusion_query_boolean
  GL_EXT_robustness
  GL_EXT_texture_rg
  GL_EXT_unpack_subimage
  GL_NV_draw_buffers
  GL_NV_read_buffer
  GL_NV_read_depth
  GL_NV_read_depth_stencil
  GL_NV_read_stencil
  GL_APPLE_sync
  GL_EXT_draw_buffers
  GL_EXT_instanced_arrays
  GL_EXT_map_buffer_range
  GL_EXT_shadow_samplers
  GL_KHR_debug
  GL_KHR_robustness
  GL_KHR_texture_compression_astc_ldr
  GL_NV_generate_mipmap_sRGB
  GL_NV_pixel_buffer_object
  GL_OES_depth_texture_cube_map
  GL_OES_required_internalformat
  GL_OES_surfaceless_context
  GL_EXT_color_buffer_float
  GL_EXT_debug_label
  GL_EXT_sRGB_write_control
  GL_EXT_separate_shader_objects
  GL_EXT_shader_framebuffer_fetch
  GL_EXT_shader_group_vote
  GL_EXT_shader_implicit_conversions
  GL_EXT_shader_integer_mix
  GL_EXT_tessellation_point_size
  GL_EXT_tessellation_shader
  GL_ANDROID_extension_pack_es31a
  GL_ARM_shader_framebuffer_fetch_depth_stencil
  GL_EXT_base_instance
  GL_EXT_compressed_ETC1_RGB8_sub_texture
  GL_EXT_copy_image
  GL_EXT_draw_buffers_indexed
  GL_EXT_draw_elements_base_vertex
  GL_EXT_gpu_shader5
  GL_EXT_multi_draw_indirect
  GL_EXT_polygon_offset_clamp
  GL_EXT_primitive_bounding_box
  GL_EXT_render_snorm
  GL_EXT_shader_io_blocks
  GL_EXT_texture_border_clamp
  GL_EXT_texture_buffer
  GL_EXT_texture_cube_map_array
  GL_EXT_texture_norm16
  GL_EXT_texture_view
  GL_KHR_blend_equation_advanced
  GL_KHR_blend_equation_advanced_coherent
  GL_KHR_context_flush_control
  GL_KHR_robust_buffer_access_behavior
  GL_NV_image_formats
  GL_NV_shader_noperspective_interpolation
  GL_OES_copy_image
  GL_OES_draw_buffers_indexed
  GL_OES_draw_elements_base_vertex
  GL_OES_gpu_shader5
  GL_OES_primitive_bounding_box
  GL_OES_sample_shading
  GL_OES_sample_variables
  GL_OES_shader_io_blocks
  GL_OES_shader_multisample_interpolation
  GL_OES_tessellation_point_size
  GL_OES_tessellation_shader
  GL_OES_texture_border_clamp
  GL_OES_texture_buffer
  GL_OES_texture_cube_map_array
  GL_OES_texture_stencil8
  GL_OES_texture_storage_multisample_2d_array
  GL_OES_texture_view
  GL_EXT_blend_func_extended
  GL_EXT_buffer_storage
  GL_EXT_float_blend
  GL_EXT_geometry_point_size
  GL_EXT_geometry_shader
  GL_EXT_texture_filter_minmax
  GL_EXT_texture_sRGB_R8
  GL_EXT_texture_sRGB_RG8
  GL_KHR_no_error
  GL_KHR_texture_compression_astc_sliced_3d
  GL_OES_EGL_image_external_essl3
  GL_OES_geometry_point_size
  GL_OES_geometry_shader
  GL_OES_shader_image_atomic
  GL_EXT_clear_texture
  GL_EXT_clip_cull_distance
  GL_EXT_conservative_depth
  GL_EXT_disjoint_timer_query
  GL_EXT_texture_compression_s3tc_srgb
  GL_MESA_shader_integer_functions
  GL_EXT_clip_control
  GL_EXT_color_buffer_half_float
  GL_EXT_memory_object
  GL_EXT_memory_object_fd
  GL_EXT_texture_compression_bptc
  GL_EXT_texture_mirror_clamp_to_edge
  GL_KHR_parallel_shader_compile
  GL_NV_alpha_to_coverage_dither_control
  GL_EXT_EGL_image_storage
  GL_EXT_shader_framebuffer_fetch_non_coherent
  GL_EXT_texture_shadow_lod
  GL_MESA_framebuffer_flip_y
  GL_OVR_multiview
  GL_OVR_multiview2
  GL_EXT_depth_clamp
  GL_EXT_texture_query_lod
  GL_MESA_sampler_objects
  GL_EXT_EGL_image_storage_compression
  GL_EXT_texture_storage_compression
  GL_MESA_bgra
front buffer        : 1920x1080 stride 7680 format 0x30335258 modifier 0xffffffffffffff
mapped shared objects:
  /usr/lib/aarch64-linux-gnu/libwayland-client.so.0.23.1
  /usr/lib/aarch64-linux-gnu/libxcb-shm.so.0.0.0
  /usr/lib/aarch64-linux-gnu/libEGL_mesa.so.0.0.0
  /usr/lib/aarch64-linux-gnu/libmd.so.0.1.0
  /usr/lib/aarch64-linux-gnu/liblzma.so.5.8.1
  /usr/lib/aarch64-linux-gnu/libbsd.so.0.12.2
  /usr/lib/aarch64-linux-gnu/libtinfo.so.6.5
  /usr/lib/aarch64-linux-gnu/libXdmcp.so.6.0.0
  /usr/lib/aarch64-linux-gnu/libXau.so.6.0.0
  /usr/lib/aarch64-linux-gnu/libxml2.so.2.9.14
  /usr/lib/aarch64-linux-gnu/libz3.so.4
  /usr/lib/aarch64-linux-gnu/libedit.so.2.0.75
  /usr/lib/aarch64-linux-gnu/libffi.so.8.1.4
  /usr/lib/aarch64-linux-gnu/libgcc_s.so.1
  /usr/lib/aarch64-linux-gnu/libstdc++.so.6.0.33
  /usr/lib/aarch64-linux-gnu/libX11-xcb.so.1.0.0
  /usr/lib/aarch64-linux-gnu/libdrm_amdgpu.so.1.124.0
  /usr/lib/aarch64-linux-gnu/libelf-0.192.so
  /usr/lib/aarch64-linux-gnu/libxcb-dri3.so.0.1.0
  /usr/lib/aarch64-linux-gnu/libxcb-xfixes.so.0.0.0
  /usr/lib/aarch64-linux-gnu/libxshmfence.so.1.0.0
  /usr/lib/aarch64-linux-gnu/libxcb-present.so.0.0.0
  /usr/lib/aarch64-linux-gnu/libxcb-sync.so.1.0.0
  /usr/lib/aarch64-linux-gnu/libxcb-randr.so.0.1.0
  /usr/lib/aarch64-linux-gnu/libxcb.so.1.1.0
  /usr/lib/aarch64-linux-gnu/libsensors.so.5.0.0
  /usr/lib/aarch64-linux-gnu/libzstd.so.1.5.7
  /usr/lib/aarch64-linux-gnu/libz.so.1.3.1
  /usr/lib/aarch64-linux-gnu/libLLVM.so.19.1
  /usr/lib/aarch64-linux-gnu/libwayland-server.so.0.23.1
  /usr/lib/aarch64-linux-gnu/libgallium-25.0.7-2+deb13u1.so
  /usr/lib/aarch64-linux-gnu/gbm/dri_gbm.so
  /usr/lib/aarch64-linux-gnu/libGLdispatch.so.0.0.0
  /usr/lib/aarch64-linux-gnu/libm.so.6
  /usr/lib/aarch64-linux-gnu/libexpat.so.1.12.3
  /usr/lib/aarch64-linux-gnu/libdrm.so.2.124.0
  /usr/lib/aarch64-linux-gnu/libc.so.6
  /usr/lib/aarch64-linux-gnu/libGLESv2.so.2.1.0
  /usr/lib/aarch64-linux-gnu/libEGL.so.1.1.0
  /usr/lib/aarch64-linux-gnu/libgbm.so.1.0.0
  /usr/lib/aarch64-linux-gnu/ld-linux-aarch64.so.1
teardown            : clean
MALI PROBE RESULT: SOFTWARE (llvmpipe (LLVM 19.1.7, 128 bits)) - not a Mali pass
exit=2

############ B - private Mali runtime ############
LD_LIBRARY_PATH=/opt/rk3588-mediabox/mali-g24p0-runtime/lib
== mali-gbm-probe ==
drm node            : /dev/dri/card0 (fd 3)
gbm backend         : armsoc
egl display via     : eglGetPlatformDisplayEXT
arm_release_ver: g24p0-00eac0, rk_so_ver: 10
egl version         : 1.5
EGL_VENDOR          : ARM
EGL_VERSION         : 1.5 Valhall-"g24p0-00eac0"
egl apis            : OpenGL_ES
EGL_EXTENSIONS:
  EGL_NV_context_priority_realtime
  EGL_KHR_partial_update
  EGL_KHR_config_attribs
  EGL_KHR_image
  EGL_KHR_image_base
  EGL_KHR_fence_sync
  EGL_KHR_wait_sync
  EGL_KHR_gl_colorspace
  EGL_KHR_get_all_proc_addresses
  EGL_IMG_context_priority
  EGL_KHR_no_config_context
  EGL_EXT_image_dma_buf_import
  EGL_EXT_image_dma_buf_import_modifiers
  EGL_EXT_yuv_surface
  EGL_EXT_pixel_format_float
  EGL_ARM_pixmap_multisample_discard
  EGL_ANDROID_native_fence_sync
  EGL_KHR_gl_texture_2D_image
  EGL_KHR_gl_texture_3D_image
  EGL_KHR_gl_renderbuffer_image
  EGL_KHR_create_context
  EGL_KHR_surfaceless_context
  EGL_KHR_gl_texture_cubemap_image
  EGL_EXT_image_gl_colorspace
  EGL_EXT_create_context_robustness
egl config          : 1 matched, native visual 0x34325258
GL_VENDOR           : ARM
GL_RENDERER         : Mali-G610
GL_VERSION          : OpenGL ES 3.2 v1.g24p0-00eac0.071111a8920e863c7ed9b7ffed7fc78e
GL_SL_VERSION       : OpenGL ES GLSL ES 3.20
GL_EXTENSIONS:
  GL_ARM_rgba8
  GL_ARM_mali_shader_binary
  GL_ARM_debug_assert
  GL_OES_depth24
  GL_OES_depth_texture
  GL_OES_depth_texture_cube_map
  GL_OES_packed_depth_stencil
  GL_OES_rgb8_rgba8
  GL_EXT_read_format_bgra
  GL_OES_compressed_paletted_texture
  GL_OES_compressed_ETC1_RGB8_texture
  GL_OES_standard_derivatives
  GL_OES_EGL_image
  GL_OES_EGL_image_external
  GL_OES_EGL_image_external_essl3
  GL_OES_EGL_sync
  GL_OES_texture_npot
  GL_OES_vertex_half_float
  GL_OES_required_internalformat
  GL_OES_vertex_array_object
  GL_OES_mapbuffer
  GL_EXT_texture_format_BGRA8888
  GL_EXT_texture_rg
  GL_EXT_texture_type_2_10_10_10_REV
  GL_OES_fbo_render_mipmap
  GL_OES_element_index_uint
  GL_EXT_shadow_samplers
  GL_OES_texture_compression_astc
  GL_KHR_texture_compression_astc_ldr
  GL_KHR_texture_compression_astc_hdr
  GL_KHR_texture_compression_astc_sliced_3d
  GL_EXT_texture_compression_astc_decode_mode
  GL_EXT_texture_compression_astc_decode_mode_rgb9e5
  GL_KHR_debug
  GL_EXT_occlusion_query_boolean
  GL_EXT_disjoint_timer_query
  GL_EXT_blend_minmax
  GL_EXT_discard_framebuffer
  GL_OES_get_program_binary
  GL_OES_texture_3D
  GL_EXT_texture_storage
  GL_EXT_multisampled_render_to_texture
  GL_EXT_multisampled_render_to_texture2
  GL_OES_surfaceless_context
  GL_OES_texture_stencil8
  GL_EXT_shader_pixel_local_storage
  GL_ARM_shader_framebuffer_fetch
  GL_ARM_shader_framebuffer_fetch_depth_stencil
  GL_ARM_mali_program_binary
  GL_EXT_sRGB
  GL_EXT_sRGB_write_control
  GL_EXT_texture_sRGB_decode
  GL_EXT_texture_sRGB_R8
  GL_EXT_texture_sRGB_RG8
  GL_KHR_blend_equation_advanced
  GL_KHR_blend_equation_advanced_coherent
  GL_OES_texture_storage_multisample_2d_array
  GL_OES_shader_image_atomic
  GL_EXT_robustness
  GL_EXT_draw_buffers_indexed
  GL_OES_draw_buffers_indexed
  GL_EXT_texture_border_clamp
  GL_OES_texture_border_clamp
  GL_EXT_texture_cube_map_array
  GL_OES_texture_cube_map_array
  GL_OES_sample_variables
  GL_OES_sample_shading
  GL_OES_shader_multisample_interpolation
  GL_EXT_shader_io_blocks
  GL_OES_shader_io_blocks
  GL_EXT_tessellation_shader
  GL_OES_tessellation_shader
  GL_EXT_primitive_bounding_box
  GL_OES_primitive_bounding_box
  GL_EXT_geometry_shader
  GL_OES_geometry_shader
  GL_ANDROID_extension_pack_es31a
  GL_EXT_gpu_shader5
  GL_OES_gpu_shader5
  GL_EXT_texture_buffer
  GL_OES_texture_buffer
  GL_EXT_copy_image
  GL_OES_copy_image
  GL_EXT_shader_non_constant_global_initializers
  GL_EXT_color_buffer_half_float
  GL_EXT_unpack_subimage
  GL_EXT_color_buffer_float
  GL_EXT_float_blend
  GL_EXT_YUV_target
  GL_OVR_multiview
  GL_OVR_multiview2
  GL_OVR_multiview_multisampled_render_to_texture
  GL_KHR_robustness
  GL_KHR_robust_buffer_access_behavior
  GL_EXT_draw_elements_base_vertex
  GL_OES_draw_elements_base_vertex
  GL_EXT_protected_textures
  GL_EXT_buffer_storage
  GL_EXT_clear_texture
  GL_ARM_shader_core_properties
  GL_EXT_texture_filter_anisotropic
  GL_OES_texture_float_linear
  GL_ARM_texture_unnormalized_coordinates
  GL_EXT_shader_framebuffer_fetch
  GL_EXT_clip_control
  GL_EXT_polygon_offset_clamp
  GL_EXT_EGL_image_storage
  GL_EXT_texture_norm16
front buffer        : 1920x1080 stride 7680 format 0x34325258 modifier 0x0
mapped shared objects:
  /usr/lib/aarch64-linux-gnu/libgcc_s.so.1
  /usr/lib/aarch64-linux-gnu/libm.so.6
  /usr/lib/aarch64-linux-gnu/libstdc++.so.6.0.33
  /usr/lib/aarch64-linux-gnu/libdl.so.2
  /usr/lib/aarch64-linux-gnu/libpthread.so.0
  /usr/lib/aarch64-linux-gnu/libdrm.so.2.124.0
  /opt/rk3588-mediabox/mali-g24p0-root/usr/lib/aarch64-linux-gnu/libmali.so.1.9.0
  /opt/rk3588-mediabox/mali-g24p0-root/usr/lib/aarch64-linux-gnu/libmali-hook.so.1.9.0
  /usr/lib/aarch64-linux-gnu/libc.so.6
  /opt/rk3588-mediabox/mali-g24p0-root/usr/lib/aarch64-linux-gnu/mali/libGLESv2.so.2
  /opt/rk3588-mediabox/mali-g24p0-root/usr/lib/aarch64-linux-gnu/mali/libEGL.so.1
  /opt/rk3588-mediabox/mali-g24p0-root/usr/lib/aarch64-linux-gnu/mali/libgbm.so.1
  /usr/lib/aarch64-linux-gnu/ld-linux-aarch64.so.1
teardown            : clean
MALI PROBE RESULT: PASS (hardware Mali)
exit=0

############ B x3 - init/teardown stability ############
repeat 1: exit=0  renderer=Mali-G610      MALI PROBE RESULT: PASS (hardware Mali)
repeat 2: exit=0  renderer=Mali-G610      MALI PROBE RESULT: PASS (hardware Mali)
repeat 3: exit=0  renderer=Mali-G610      MALI PROBE RESULT: PASS (hardware Mali)
