# vop-geometry-watch label=armA interval=0.040 duration=60.0
# started 2026-09-10T22:01:35+0300
# regs=/sys/kernel/debug/dri/0/regs state=/sys/kernel/debug/dri/0/state
[001] t=0.000..2.989 samples=37 distinct_video_buffers=14
  Cluster0  pos=(0,0) dst=1x1 src=1x1 | ACT_INFO=00000000 CBR_MST=00000000 CTRL0=00000000 CTRL1=00000000 CTRL2=00000000 DSP_INFO=00000000 DSP_ST=00000000 SCL_FACTOR_CBR=00000000 SCL_FACTOR_YRGB=00000000 SCL_OFFSET=00000000 VIR=00000000 YRGB_MST=00000000
  Esmart0   pos=(0,42) dst=3840x2076 src=3840x2080 | ACT_INFO=081f0eff CBR_MST=12e26000 CTRL0=00000000 DSP_INFO=081b0eff DSP_ST=002a0000 REGION0_CTRL=00010029 SCL_CTRL=00000000 SCL_FACTOR_CBR=10070000 SCL_FACTOR_YRGB=00005564 SCL_OFFSET=802f7ff7 VIR=04c004c0 YRGB_MST=12480000
  OVL       digest=a5aa6ce7
  VP0       digest=db6b7d3f
  atomic:Cluster0-win0  crtc=3840x2160+0+0 src=3840x2160+0+0
  atomic:Cluster1-win0  crtc=0x0+0+0 src=0x0+0+0
  atomic:Cluster2-win0  crtc=0x0+0+0 src=0x0+0+0
  atomic:Cluster3-win0  crtc=0x0+0+0 src=0x0+0+0
  atomic:Esmart0-win0   crtc=3840x2076+0+42 src=3840x2080+0+0
  atomic:Esmart1-win0   crtc=0x0+0+0 src=0x0+0+0
  atomic:Esmart2-win0   crtc=0x0+0+0 src=0x0+0+0
  atomic:Esmart3-win0   crtc=0x0+0+0 src=0x0+0+0
[002] t=3.072..15.501 samples=150 distinct_video_buffers=6
  Cluster0  pos=(0,0) dst=3840x2160 src=3840x2160 | ACT_INFO=086f0eff CBR_MST=00000000 CTRL0=00000e01 CTRL1=00000000 CTRL2=00000062 DSP_INFO=086f0eff DSP_ST=00000000 SCL_FACTOR_CBR=00000000 SCL_FACTOR_YRGB=00000000 SCL_OFFSET=00000000 VIR=00000f00 YRGB_MST=06ebe000
  Esmart0   pos=(0,42) dst=3840x2076 src=3840x2080 | ACT_INFO=081f0eff CBR_MST=1965a000 CTRL0=00000000 DSP_INFO=081b0eff DSP_ST=002a0000 REGION0_CTRL=00010029 SCL_CTRL=00000000 SCL_FACTOR_CBR=10070000 SCL_FACTOR_YRGB=00005564 SCL_OFFSET=802f7ff7 VIR=04c004c0 YRGB_MST=18cb4000
  OVL       digest=b93a9b7d
  VP0       digest=db6b7d3f
  atomic:Cluster0-win0  crtc=3840x2160+0+0 src=3840x2160+0+0
  atomic:Cluster1-win0  crtc=0x0+0+0 src=0x0+0+0
  atomic:Cluster2-win0  crtc=0x0+0+0 src=0x0+0+0
  atomic:Cluster3-win0  crtc=0x0+0+0 src=0x0+0+0
  atomic:Esmart0-win0   crtc=3840x2076+0+42 src=3840x2080+0+0
  atomic:Esmart1-win0   crtc=0x0+0+0 src=0x0+0+0
  atomic:Esmart2-win0   crtc=0x0+0+0 src=0x0+0+0
  atomic:Esmart3-win0   crtc=0x0+0+0 src=0x0+0+0
[003] t=15.584..21.090 samples=67 distinct_video_buffers=14
  Cluster0  pos=(0,0) dst=1x1 src=1x1 | ACT_INFO=00000000 CBR_MST=00000000 CTRL0=00000000 CTRL1=00000000 CTRL2=00000000 DSP_INFO=00000000 DSP_ST=00000000 SCL_FACTOR_CBR=00000000 SCL_FACTOR_YRGB=00000000 SCL_OFFSET=00000000 VIR=00000000 YRGB_MST=00000000
  Esmart0   pos=(0,42) dst=3840x2076 src=3840x2080 | ACT_INFO=081f0eff CBR_MST=0d750000 CTRL0=00000000 DSP_INFO=081b0eff DSP_ST=002a0000 REGION0_CTRL=00010029 SCL_CTRL=00000000 SCL_FACTOR_CBR=10070000 SCL_FACTOR_YRGB=00005564 SCL_OFFSET=802f7ff7 VIR=04c004c0 YRGB_MST=0cdaa000
  OVL       digest=a5aa6ce7
  VP0       digest=db6b7d3f
  atomic:Cluster0-win0  crtc=3840x2160+0+0 src=3840x2160+0+0
  atomic:Cluster1-win0  crtc=0x0+0+0 src=0x0+0+0
  atomic:Cluster2-win0  crtc=0x0+0+0 src=0x0+0+0
  atomic:Cluster3-win0  crtc=0x0+0+0 src=0x0+0+0
  atomic:Esmart0-win0   crtc=3840x2076+0+42 src=3840x2080+0+0
  atomic:Esmart1-win0   crtc=0x0+0+0 src=0x0+0+0
  atomic:Esmart2-win0   crtc=0x0+0+0 src=0x0+0+0
  atomic:Esmart3-win0   crtc=0x0+0+0 src=0x0+0+0
[004] t=21.173..33.478 samples=149 distinct_video_buffers=6
  Cluster0  pos=(0,0) dst=3840x2160 src=3840x2160 | ACT_INFO=086f0eff CBR_MST=00000000 CTRL0=00000e01 CTRL1=00000000 CTRL2=00000062 DSP_INFO=086f0eff DSP_ST=00000000 SCL_FACTOR_CBR=00000000 SCL_FACTOR_YRGB=00000000 SCL_OFFSET=00000000 VIR=00000f00 YRGB_MST=0ae06000
  Esmart0   pos=(0,42) dst=3840x2076 src=3840x2080 | ACT_INFO=081f0eff CBR_MST=0d750000 CTRL0=00000000 DSP_INFO=081b0eff DSP_ST=002a0000 REGION0_CTRL=00010029 SCL_CTRL=00000000 SCL_FACTOR_CBR=10070000 SCL_FACTOR_YRGB=00005564 SCL_OFFSET=802f7ff7 VIR=04c004c0 YRGB_MST=0cdaa000
  OVL       digest=b93a9b7d
  VP0       digest=db6b7d3f
  atomic:Cluster0-win0  crtc=3840x2160+0+0 src=3840x2160+0+0
  atomic:Cluster1-win0  crtc=0x0+0+0 src=0x0+0+0
  atomic:Cluster2-win0  crtc=0x0+0+0 src=0x0+0+0
  atomic:Cluster3-win0  crtc=0x0+0+0 src=0x0+0+0
  atomic:Esmart0-win0   crtc=3840x2076+0+42 src=3840x2080+0+0
  atomic:Esmart1-win0   crtc=0x0+0+0 src=0x0+0+0
  atomic:Esmart2-win0   crtc=0x0+0+0 src=0x0+0+0
  atomic:Esmart3-win0   crtc=0x0+0+0 src=0x0+0+0
[005] t=33.561..38.983 samples=66 distinct_video_buffers=14
  Cluster0  pos=(0,0) dst=1x1 src=1x1 | ACT_INFO=00000000 CBR_MST=00000000 CTRL0=00000000 CTRL1=00000000 CTRL2=00000000 DSP_INFO=00000000 DSP_ST=00000000 SCL_FACTOR_CBR=00000000 SCL_FACTOR_YRGB=00000000 SCL_OFFSET=00000000 VIR=00000000 YRGB_MST=00000000
  Esmart0   pos=(0,42) dst=3840x2076 src=3840x2080 | ACT_INFO=081f0eff CBR_MST=0d750000 CTRL0=00000000 DSP_INFO=081b0eff DSP_ST=002a0000 REGION0_CTRL=00010029 SCL_CTRL=00000000 SCL_FACTOR_CBR=10070000 SCL_FACTOR_YRGB=00005564 SCL_OFFSET=802f7ff7 VIR=04c004c0 YRGB_MST=0cdaa000
  OVL       digest=a5aa6ce7
  VP0       digest=db6b7d3f
  atomic:Cluster0-win0  crtc=3840x2160+0+0 src=3840x2160+0+0
  atomic:Cluster1-win0  crtc=0x0+0+0 src=0x0+0+0
  atomic:Cluster2-win0  crtc=0x0+0+0 src=0x0+0+0
  atomic:Cluster3-win0  crtc=0x0+0+0 src=0x0+0+0
  atomic:Esmart0-win0   crtc=3840x2076+0+42 src=3840x2080+0+0
  atomic:Esmart1-win0   crtc=0x0+0+0 src=0x0+0+0
  atomic:Esmart2-win0   crtc=0x0+0+0 src=0x0+0+0
  atomic:Esmart3-win0   crtc=0x0+0+0 src=0x0+0+0
[006] t=39.066..51.578 samples=151 distinct_video_buffers=7
  Cluster0  pos=(0,0) dst=3840x2160 src=3840x2160 | ACT_INFO=086f0eff CBR_MST=00000000 CTRL0=00000e01 CTRL1=00000000 CTRL2=00000062 DSP_INFO=086f0eff DSP_ST=00000000 SCL_FACTOR_CBR=00000000 SCL_FACTOR_YRGB=00000000 SCL_OFFSET=00000000 VIR=00000f00 YRGB_MST=04f1a000
  Esmart0   pos=(0,42) dst=3840x2076 src=3840x2080 | ACT_INFO=081f0eff CBR_MST=1a7b8000 CTRL0=00000000 DSP_INFO=081b0eff DSP_ST=002a0000 REGION0_CTRL=00010029 SCL_CTRL=00000000 SCL_FACTOR_CBR=10070000 SCL_FACTOR_YRGB=00005564 SCL_OFFSET=802f7ff7 VIR=04c004c0 YRGB_MST=19e12000
  OVL       digest=b93a9b7d
  VP0       digest=db6b7d3f
  atomic:Cluster0-win0  crtc=3840x2160+0+0 src=3840x2160+0+0
  atomic:Cluster1-win0  crtc=0x0+0+0 src=0x0+0+0
  atomic:Cluster2-win0  crtc=0x0+0+0 src=0x0+0+0
  atomic:Cluster3-win0  crtc=0x0+0+0 src=0x0+0+0
  atomic:Esmart0-win0   crtc=3840x2076+0+42 src=3840x2080+0+0
  atomic:Esmart1-win0   crtc=0x0+0+0 src=0x0+0+0
  atomic:Esmart2-win0   crtc=0x0+0+0 src=0x0+0+0
  atomic:Esmart3-win0   crtc=0x0+0+0 src=0x0+0+0
[007] t=51.662..59.920 samples=100 distinct_video_buffers=14
  Cluster0  pos=(0,0) dst=1x1 src=1x1 | ACT_INFO=00000000 CBR_MST=00000000 CTRL0=00000000 CTRL1=00000000 CTRL2=00000000 DSP_INFO=00000000 DSP_ST=00000000 SCL_FACTOR_CBR=00000000 SCL_FACTOR_YRGB=00000000 SCL_OFFSET=00000000 VIR=00000000 YRGB_MST=00000000
  Esmart0   pos=(0,42) dst=3840x2076 src=3840x2080 | ACT_INFO=081f0eff CBR_MST=11cc8000 CTRL0=00000000 DSP_INFO=081b0eff DSP_ST=002a0000 REGION0_CTRL=00010029 SCL_CTRL=00000000 SCL_FACTOR_CBR=10070000 SCL_FACTOR_YRGB=00005564 SCL_OFFSET=802f7ff7 VIR=04c004c0 YRGB_MST=11322000
  OVL       digest=a5aa6ce7
  VP0       digest=db6b7d3f
  atomic:Cluster0-win0  crtc=3840x2160+0+0 src=3840x2160+0+0
  atomic:Cluster1-win0  crtc=0x0+0+0 src=0x0+0+0
  atomic:Cluster2-win0  crtc=0x0+0+0 src=0x0+0+0
  atomic:Cluster3-win0  crtc=0x0+0+0 src=0x0+0+0
  atomic:Esmart0-win0   crtc=3840x2076+0+42 src=3840x2080+0+0
  atomic:Esmart1-win0   crtc=0x0+0+0 src=0x0+0+0
  atomic:Esmart2-win0   crtc=0x0+0+0 src=0x0+0+0
  atomic:Esmart3-win0   crtc=0x0+0+0 src=0x0+0+0
# ended 2026-09-10T22:02:35+0300 distinct_states=7
